   Compiling rotate-proxy v1.0.0 (/mnt/c/Users/Unkno/Videos/New folder/honeygain/rust-proxy)
error[E0308]: mismatched types
    --> src/main.rs:1061:17
     |
1061 | ...et (up, _) = TcpSt...rap();
     |       ^^^^^^^   -----...----- this expression has type `TcpStream`
     |       |
     |       expected `TcpStream`, found `(_, _)`
     |
     = note: expected struct `tokio::net::TcpStream`
                 found tuple `(_, _)`
     = note: the full name for the type has been written to '/mnt/c/Users/Unkno/Videos/New folder/honeygain/rust-proxy/target/debug/deps/rotate_proxy-ceb968f9e57a9d13.long-type-4826811428924459549.txt'
     = note: consider using `--verbose` to print the full type name to the console

error[E0308]: mismatched types
    --> src/main.rs:1083:17
     |
1083 | ...et (up, _) = TcpSt...rap();
     |       ^^^^^^^   -----...----- this expression has type `TcpStream`
     |       |
     |       expected `TcpStream`, found `(_, _)`
     |
     = note: expected struct `tokio::net::TcpStream`
                 found tuple `(_, _)`
     = note: the full name for the type has been written to '/mnt/c/Users/Unkno/Videos/New folder/honeygain/rust-proxy/target/debug/deps/rotate_proxy-ceb968f9e57a9d13.long-type-4826811428924459549.txt'
     = note: consider using `--verbose` to print the full type name to the console

warning: use of deprecated method `tokio::net::TcpStream::set_linger`: `SO_LINGER` causes the socket to block the thread on drop
    --> src/main.rs:1161:16
--
     = note: `#[warn(deprecated)]` on by default

For more information about this error, try `rustc --explain E0308`.
warning: `rotate-proxy` (bin "rotate-proxy" test) generated 1 warning
error: could not compile `rotate-proxy` (bin "rotate-proxy" test) due to 2 previous errors; 1 warning emitted
